// Jest Snapshot v1, https://goo.gl/fbAQLP

exports[`snapshot config 1`] = `
{
  "host": "127.0.0.1",
  "port": 3000,
}
`;
